
> taichinh-app@0.1.0 build
> next build

Γû▓ Next.js 16.1.6 (Turbopack)
- Environments: .env.local

  Creating an optimized production build ...
Γ£ô Compiled successfully in 2.1s
  Running TypeScript ...
node.exe : Failed to compile.
At line:1 char:1
+ & "C:\Program Files\nodejs/node.exe" "C:\Program 
Files\nodejs/node_mo ...
+ ~~~~~~~~~~~~~~~~~~~~~~~~~~~~~~~~~~~~~~~~~~~~~~~~~~~~
~~~~~~~~~~~~~~~~~
    + CategoryInfo          : NotSpecified: (Failed t 
   o compile.:String) [], RemoteException
    + FullyQualifiedErrorId : NativeCommandError
 

./lib/auth.ts:22:7
Type error: Type '{ users: never[]; currentUserId: 
undefined; branches: never[]; accounts: never[]; 
categories: never[]; plans: never[]; transactions: 
never[]; dismissedAlerts: never[]; starredAlerts: 
never[]; activityLogs: never[]; }' is missing the 
following properties from type 'AppState': customers, 
appointments, services, membershipTiers, and 4 more.

[0m [90m 20 |[39m
 [90m 21 |[39m [90m// Empty state used for both 
SSR and pre-hydration client render[39m
[31m[1m>[22m[39m[90m 22 |[39m [36mconst[39m 
[33mEMPTY_STATE[39m[33m:[39m [33mAppState[39m 
[33m=[39m {
 [90m    |[39m       [31m[1m^[22m[39m
 [90m 23 |[39m     users[33m:[39m [][33m,[39m
 [90m 24 |[39m     currentUserId[33m:[39m 
undefined[33m,[39m
 [90m 25 |[39m     branches[33m:[39m 
[][33m,[39m[0m
Next.js build worker exited with code: 1 and signal: 
null
